1 1 1 ha 
size width length one size 42cm/1654" 200cm/7874" 
size width length one size 42cm/1654" 200cm/7874" 
size width length one size 42cm/1654" 200cm/7874" 
azis width length 1 1050cm/413" 90cm/3543" 
azis width length 1 1050cm/413" 90cm/3543" 
azis width length 1 1050cm/413" 90cm/3543" 
1 
30 cm 40 cm 15 cm 
30 cm 8 5 
f 
 139scm 416cm 
5 10 cm 
5 10 cm 
5 10 cm 
 
 
black red green 1 16a 3 l2 gnd black white green 
black red green 1 16a 3 l2 gnd black white green 
black red green 1 16a 3 l2 gnd black white green 
1 escm 
 
nailtiques formula 2 0  otein dcncxe 0 2 3 
1 
1 
5 
5 
 
loe 3 
262 ibs 16" 1 1 
h v 1 19cm / 1 
8 90 mm 200 mm / 8 
58 in 14cm 
58 in 14cm 
58 in 14cm 
8 0 1 
1 1 
j laes 
j laes 
54in e 5 120 cm 
54in e 5 120 cm 
 
48 in 122 cm 96 in 244 cm 
48 in 122 cm 96 in 244 cm 
1 lj l" 1  
5 3 
5 3 
5 3 
8 
8 
8 
j is0h 1 
j is0h 1 
1 7 56 in  
1 7 56 in  
ti27cm 18796cm 9652cm 
0 
3 lan 120 cm 
3 lan 120 cm 
1 1 1 1 
1 1 1 1 
nutrition factssergngs 1 
l 280mm 280mm 
l 280mm 280mm 
l 280mm 280mm 
liion oppot 1ooomah 3 zv 
1 i 8 6 kingston 
1 ukaomi 1 72144"  1929 1 1 
42in 10 cm 
42in 10 cm 
42in 10 cm 
23 cm 
23 cm 
23 cm 
luloez capacity 14l 280mm power 1500w 160mm 
luloez capacity 14l 280mm power 1500w 160mm 
1 1 
1 1 
 1 
120x50cm size 
 
1 1 
505 kg 111 ib super lightweight 
rupens l 1 1 vindaloo curry sauce  l 1 l 1 07 1703q1 
m 39 in 98 cm 
m 39 in 98 cm 
m 39 in 98 cm 
the higher the cfm the greater the air movement cfm 1 110 120 130 less air 8 more air 
the higher the cfm the greater the air movement cfm 1 110 120 130 less air 8 more air 
the higher the cfm the greater the air movement cfm 1 110 120 130 less air 8 more air 
8 8 cm 3 
1 ruitin tine arctor hardwaic munugemem 1 jnimet 1 1 8 1 1 
mm157" 8 500 mm19 mmo6" "l 15 
2395" 284" 4 
2 4 3 pi 1 
14cm/ss1in 125cm/492in 
14cm/ss1in 125cm/492in 
3 1 56mm 90805 4mm 
cm15" 8 7 3 08 235 cm93" 
149 in / 38 cm 433 in 11 cm 
1 1 37cm  1 0 
prqven na oiinosow 12 a 3 1 ticks black flies 0 1 2 foz 59 m4 
xlr to " trs connector wired for balanced mono left right 1 common jajjis 2 common 3 tip left ring right 3 2 
90 cm 86 cm 62 cm 
40 cm 35 cm cm 8 
16cm 8 75cm 
16cm 8 75cm 
110 cm433" 60 cm236 cm287" 73 
5 1 turkev hloney brown 5 3 
cm 40 6k 3 30 cm 
6 8 8 4 cm 
s98 organic hoisin sauce 1 
1 smart bx1 650w 1 
1 smart bx1 650w 1 
technology adclz fenver gude 0 aooss hzd > 1 
technology adclz fenver gude 0 aooss hzd > 1 
dino bars 1 l | 1 
8 5 0 
45cm/17zin t 10cm/39in 
45cm/17zin t 10cm/39in 
cesar grilled steak  eggs flavor classic lcul juce 1 
biogents 5 0 
1 4642awz 1 rr 8 
static load capacity 660lbs 
f whey protein 1 
12v 
12v 
191cml 3 51cm 
90 cm 180 cm cm 76 
lightweight at only 78 ibs 8 
31 cm 40 cm cm 27 
256in65cm 
256in65cm 
256in65cm 
sqios birth per seat 
1 29cm 
1 29cm 
e 26cm 8 
2995 cm 1  
100mm/393in 115mm/045in 
100mm/393in 115mm/045in 
3cm 14cm 34cm 4cm 7scm 
2085 cmte e4 
2085 cmte e4 
90cm/354in 1ocm/39in 
90cm/354in 1ocm/39in 
90cm/354in 1ocm/39in 
brampton 1 profix 8 long cure carfribge "25 1 8 1 1 
5ocm diameter 50cm 
5ocm diameter 50cm 
sony 10468 08 1 1 
7493cm 3 180cm 
786 in / 20 cm 314 in / 8 cm 
786 in / 20 cm 314 in / 8 cm 
scm 1ocm 
scm 1ocm 
1 118mm 3 8 35mm 
303" 362" 
303" 362" 
8 2311b thin lightweight 4 
2513cm 
1 uzjwi 3 ready to use 1 
82cm 206scm 157cm 

nandos periperi sauce 2509 extra 8 
233mm / 9 zin 6oin 152mm 
233mm / 9 zin 6oin 152mm 
brand zokop product name electric pressure cooker the rated voltage 110v weight 6kg capacity 6qt rated power 1ooow 
h3scm d1o 5cm 
h3scm d1o 5cm 
l bureka duat bage ts 
358" 3 
1 metal nid 
78 in / 200 cm 30 cm 11 in 
78 in / 200 cm 30 cm 11 in 
14cm 14cm 14cm 
1 sova cnvirocore wdust totalvac shop vac type bags sac9 eolsas 
148inch 238inch 59inch 079inch 
heavy duty 1 tube 20 thicker 
1 cm 3 in / 11 
1 cm 3 in / 11 
1 1 1 3 5 red star| active dry yeast 1 32 0z 2 ibs 908 
cm 745 ~ 60 cm cm 
2 2 black decker 
2 2 black decker 
glaze haddar 1 
m 719cm/ 283inch 508cm/2inch 
m 719cm/ 283inch 508cm/2inch 
1 110 in 280 cm 
1 110 in 280 cm 
clinique 1 1 1 douke effut 1 
40cm 61cm 
